// Jest Snapshot v1, https://goo.gl/fbAQLP

exports[`expect to render Button component 1`] = `ShallowWrapper {}`;

exports[`expect to render Conversation component 1`] = `ShallowWrapper {}`;
